[debug] [2025-07-25T11:41:17.064Z] ----------------------------------------------------------------------
[debug] [2025-07-25T11:41:17.066Z] Command:       C:\Program Files\nodejs\node.exe C:\Users\HP\AppData\Roaming\npm\node_modules\firebase-tools\lib\bin\firebase.js init storage
[debug] [2025-07-25T11:41:17.066Z] CLI Version:   14.11.1
[debug] [2025-07-25T11:41:17.066Z] Platform:      win32
[debug] [2025-07-25T11:41:17.066Z] Node Version:  v22.17.1
[debug] [2025-07-25T11:41:17.066Z] Time:          Fri Jul 25 2025 17:11:17 GMT+0530 (India Standard Time)
[debug] [2025-07-25T11:41:17.066Z] ----------------------------------------------------------------------
[debug] 
[debug] [2025-07-25T11:41:17.164Z] > command requires scopes: ["email","openid","https://www.googleapis.com/auth/cloudplatformprojects.readonly","https://www.googleapis.com/auth/firebase","https://www.googleapis.com/auth/cloud-platform"]
[debug] [2025-07-25T11:41:17.165Z] > authorizing via signed-in user (yugmi.ai@gmail.com)
[info] 
     ######## #### ########  ######## ########     ###     ######  ########
     ##        ##  ##     ## ##       ##     ##  ##   ##  ##       ##
     ######    ##  ########  ######   ########  #########  ######  ######
     ##        ##  ##    ##  ##       ##     ## ##     ##       ## ##
     ##       #### ##     ## ######## ########  ##     ##  ######  ########

You're about to initialize a Firebase project in this directory:

  D:\Node Backend Yugmi\yugmi-sense-reactexpo

Before we get started, keep in mind:

  * You are initializing within an existing Firebase project directory

[info] 
=== Project Setup
[info] 
[info] First, let's associate this project directory with a Firebase project.
[info] You can create multiple project aliases by running firebase use --add, 
[info] but for now we'll just set up a default project.
[info] 
[debug] [2025-07-25T11:45:15.245Z] Using project from CLI flag: yugmi-app-e14c0
[debug] [2025-07-25T11:45:15.245Z] Checked if tokens are valid: true, expires at: 1753446648729
[debug] [2025-07-25T11:45:15.245Z] Checked if tokens are valid: true, expires at: 1753446648729
[debug] [2025-07-25T11:45:15.246Z] >>> [apiv2][query] GET https://firebase.googleapis.com/v1beta1/projects/yugmi-app-e14c0 [none]
[debug] [2025-07-25T11:45:15.907Z] <<< [apiv2][status] GET https://firebase.googleapis.com/v1beta1/projects/yugmi-app-e14c0 200
[debug] [2025-07-25T11:45:15.907Z] <<< [apiv2][body] GET https://firebase.googleapis.com/v1beta1/projects/yugmi-app-e14c0 {"projectId":"yugmi-app-e14c0","projectNumber":"161170705600","displayName":"yugmi-app","name":"projects/yugmi-app-e14c0","resources":{"hostingSite":"yugmi-app-e14c0"},"state":"ACTIVE","etag":"1_71167ed1-7df4-4048-9f2d-a10eb7f94908"}
[info] i  Using project yugmi-app-e14c0 (yugmi-app) 
[info] 
=== Storage Setup
[info] 
[info] Firebase Storage Security Rules allow you to define how and when to allow
[info] uploads and downloads. You can keep these rules in your project directory
[info] and publish them with firebase deploy.
[info] 
